package extras;

import org.apache.spark.sql.Dataset;
import org.apache.spark.sql.Row;
import org.apache.spark.sql.SparkSession;

public class ReadParquet {
    public static void main(String[] args) {
        SparkSession spark = SparkSession.builder().appName("XML to Dataset")
                .master("local").getOrCreate();
        String filename = "data/userdata.parquet";
        Dataset<Row> df = spark.read().parquet(filename);
        df.printSchema();
        df.show();
    }
}
